C:/TouchGFXProjects/Graph/Core/Src/main.c:959:13:SPI5_Write	16	static
C:/TouchGFXProjects/Graph/Core/Src/main.c:1071:6:StartDefaultTask	8	static
C:/TouchGFXProjects/Graph/Core/Src/main.c:253:6:SystemClock_Config	96	static
C:/TouchGFXProjects/Graph/Core/Src/main.c:161:5:main	144	static
C:/TouchGFXProjects/Graph/Core/Src/main.c:732:6:HAL_ADC_ConvCpltCallback	8	static
C:/TouchGFXProjects/Graph/Core/Src/main.c:803:6:IOE_Init	0	static
C:/TouchGFXProjects/Graph/Core/Src/main.c:812:6:IOE_ITConfig	0	static
C:/TouchGFXProjects/Graph/Core/Src/main.c:824:6:IOE_Write	32	static
C:/TouchGFXProjects/Graph/Core/Src/main.c:835:9:IOE_Read	32	static
C:/TouchGFXProjects/Graph/Core/Src/main.c:848:10:IOE_ReadMultiple	24	static
C:/TouchGFXProjects/Graph/Core/Src/main.c:857:6:IOE_Delay	0	static
C:/TouchGFXProjects/Graph/Core/Src/main.c:985:6:LCD_IO_Init	8	static
C:/TouchGFXProjects/Graph/Core/Src/main.c:995:6:LCD_IO_WriteData	16	static
C:/TouchGFXProjects/Graph/Core/Src/main.c:1011:6:LCD_IO_WriteReg	16	static
C:/TouchGFXProjects/Graph/Core/Src/main.c:1030:10:LCD_IO_ReadData	32	static
C:/TouchGFXProjects/Graph/Core/Src/main.c:1057:6:LCD_Delay	0	static
C:/TouchGFXProjects/Graph/Core/Src/main.c:1090:6:HAL_TIM_PeriodElapsedCallback	0	static
C:/TouchGFXProjects/Graph/Core/Src/main.c:1107:6:Error_Handler	0	static
