C:/TouchGFXProjects/Graph/Core/Src/stm32f4xx_hal_msp.c:66:6:HAL_MspInit	8	static
C:/TouchGFXProjects/Graph/Core/Src/stm32f4xx_hal_msp.c:90:6:HAL_ADC_MspInit	16	static
C:/TouchGFXProjects/Graph/Core/Src/stm32f4xx_hal_msp.c:115:6:HAL_ADC_MspDeInit	0	static
C:/TouchGFXProjects/Graph/Core/Src/stm32f4xx_hal_msp.c:140:6:HAL_CRC_MspInit	8	static
C:/TouchGFXProjects/Graph/Core/Src/stm32f4xx_hal_msp.c:162:6:HAL_CRC_MspDeInit	0	static
C:/TouchGFXProjects/Graph/Core/Src/stm32f4xx_hal_msp.c:184:6:HAL_DMA2D_MspInit	16	static
C:/TouchGFXProjects/Graph/Core/Src/stm32f4xx_hal_msp.c:209:6:HAL_DMA2D_MspDeInit	0	static
C:/TouchGFXProjects/Graph/Core/Src/stm32f4xx_hal_msp.c:234:6:HAL_I2C_MspInit	64	static
C:/TouchGFXProjects/Graph/Core/Src/stm32f4xx_hal_msp.c:282:6:HAL_I2C_MspDeInit	8	static
C:/TouchGFXProjects/Graph/Core/Src/stm32f4xx_hal_msp.c:313:6:HAL_LTDC_MspInit	120	static
C:/TouchGFXProjects/Graph/Core/Src/stm32f4xx_hal_msp.c:438:6:HAL_LTDC_MspDeInit	8	static
C:/TouchGFXProjects/Graph/Core/Src/stm32f4xx_hal_msp.c:500:6:HAL_SPI_MspInit	40	static
C:/TouchGFXProjects/Graph/Core/Src/stm32f4xx_hal_msp.c:537:6:HAL_SPI_MspDeInit	0	static
C:/TouchGFXProjects/Graph/Core/Src/stm32f4xx_hal_msp.c:567:6:HAL_TIM_PWM_MspInit	8	static
C:/TouchGFXProjects/Graph/Core/Src/stm32f4xx_hal_msp.c:583:6:HAL_TIM_MspPostInit	32	static
C:/TouchGFXProjects/Graph/Core/Src/stm32f4xx_hal_msp.c:615:6:HAL_TIM_PWM_MspDeInit	0	static
C:/TouchGFXProjects/Graph/Core/Src/stm32f4xx_hal_msp.c:739:6:HAL_SDRAM_MspInit	48	static
C:/TouchGFXProjects/Graph/Core/Src/stm32f4xx_hal_msp.c:825:6:HAL_SDRAM_MspDeInit	8	static
